%!Adobe-FontList 1.04

%BeginFont
Handler:DirectoryHandler
FontType:TrueType
FontName:Algerian
FamilyName:Algerian
StyleName:Regular
FullName:Algerian
WritingScript:Roman
OutlineFileName:\ALGER.TTF
DataFormat:sfntData
FileLength:75272
WeightClass:400
WidthClass:2
AngleClass:0
%EndFont

%BeginFont
Handler:DirectoryHandler
FontType:TrueType
FontName:BookAntiqua-Bold
FamilyName:Book Antiqua
StyleName:Bold
FullName:Book Antiqua Bold
WritingScript:Roman
OutlineFileName:\ANTQUAB.TTF
DataFormat:sfntData
FileLength:151000
WeightClass:700
WidthClass:5
AngleClass:0
%EndFont

%BeginFont
Handler:DirectoryHandler
FontType:TrueType
FontName:BookAntiqua-BoldItalic
FamilyName:Book Antiqua
StyleName:Bold Italic
FullName:Book Antiqua Bold Italic
WritingScript:Roman
OutlineFileName:\ANTQUABI.TTF
DataFormat:sfntData
FileLength:150416
WeightClass:700
WidthClass:5
AngleClass:1
%EndFont

%BeginFont
Handler:DirectoryHandler
FontType:TrueType
FontName:BookAntiqua-Italic
FamilyName:Book Antiqua
StyleName:Italic
FullName:Book Antiqua Italic
WritingScript:Roman
OutlineFileName:\ANTQUAI.TTF
DataFormat:sfntData
FileLength:149092
WeightClass:400
WidthClass:5
AngleClass:1
%EndFont

%BeginFont
Handler:DirectoryHandler
FontType:TrueType
FontName:ArialMT
FamilyName:Arial
StyleName:Regular
FullName:Arial
WritingScript:Roman
OutlineFileName:\arial.ttf
DataFormat:sfntData
FileLength:367112
WeightClass:400
WidthClass:5
AngleClass:0
%EndFont

%BeginFont
Handler:DirectoryHandler
FontType:TrueType
FontName:Arial-BoldMT
FamilyName:Arial
StyleName:Bold
FullName:Arial Bold
WritingScript:Roman
OutlineFileName:\arialbd.ttf
DataFormat:sfntData
FileLength:352224
WeightClass:700
WidthClass:5
AngleClass:0
%EndFont

%BeginFont
Handler:DirectoryHandler
FontType:TrueType
FontName:Arial-BoldItalicMT
FamilyName:Arial
StyleName:Bold Italic
FullName:Arial Bold Italic
WritingScript:Roman
OutlineFileName:\arialbi.ttf
DataFormat:sfntData
FileLength:226748
WeightClass:700
WidthClass:5
AngleClass:1
%EndFont

%BeginFont
Handler:DirectoryHandler
FontType:TrueType
FontName:Arial-ItalicMT
FamilyName:Arial
StyleName:Italic
FullName:Arial Italic
WritingScript:Roman
OutlineFileName:\ariali.ttf
DataFormat:sfntData
FileLength:207808
WeightClass:400
WidthClass:5
AngleClass:1
%EndFont

%BeginFont
Handler:DirectoryHandler
FontType:TrueType
FontName:ArialNarrow
FamilyName:Arial
StyleName:Narrow
FullName:Arial Narrow
WritingScript:Roman
OutlineFileName:\ARIALN.TTF
DataFormat:sfntData
FileLength:173936
WeightClass:400
WidthClass:3
AngleClass:0
%EndFont

%BeginFont
Handler:DirectoryHandler
FontType:TrueType
FontName:ArialNarrow-Bold
FamilyName:Arial
StyleName:Narrow
FullName:Arial Narrow Bold
WritingScript:Roman
OutlineFileName:\ARIALNB.TTF
DataFormat:sfntData
FileLength:178864
WeightClass:700
WidthClass:3
AngleClass:0
%EndFont

%BeginFont
Handler:DirectoryHandler
FontType:TrueType
FontName:ArialNarrow-BoldItalic
FamilyName:Arial
StyleName:Narrow
FullName:Arial Narrow Bold Italic
WritingScript:Roman
OutlineFileName:\ARIALNBI.TTF
DataFormat:sfntData
FileLength:178316
WeightClass:700
WidthClass:3
AngleClass:1
%EndFont

%BeginFont
Handler:DirectoryHandler
FontType:TrueType
FontName:ArialNarrow-Italic
FamilyName:Arial
StyleName:Narrow
FullName:Arial Narrow Italic
WritingScript:Roman
OutlineFileName:\ARIALNI.TTF
DataFormat:sfntData
FileLength:179368
WeightClass:400
WidthClass:3
AngleClass:1
%EndFont

%BeginFont
Handler:DirectoryHandler
FontType:TrueType
FontName:Arial-Black
FamilyName:Arial Black
StyleName:Regular
FullName:Arial Black
WritingScript:Roman
OutlineFileName:\ariblk.ttf
DataFormat:sfntData
FileLength:117028
WeightClass:400
WidthClass:5
AngleClass:0
%EndFont

%BeginFont
Handler:DirectoryHandler
FontType:TrueType
FontName:ArialRoundedMTBold
FamilyName:Arial Rounded MT Bold
StyleName:Regular
FullName:Arial Rounded MT Bold
WritingScript:Roman
OutlineFileName:\ARLRDBD.TTF
DataFormat:sfntData
FileLength:45260
WeightClass:400
WidthClass:5
AngleClass:0
%EndFont

%BeginFont
Handler:DirectoryHandler
FontType:TrueType
FontName:BaskOldFace
FamilyName:Baskerville Old Face
StyleName:Regular
FullName:Baskerville Old Face
WritingScript:Roman
OutlineFileName:\BASKVILL.TTF
DataFormat:sfntData
FileLength:54976
WeightClass:400
WidthClass:5
AngleClass:0
%EndFont

%BeginFont
Handler:DirectoryHandler
FontType:TrueType
FontName:Bauhaus93
FamilyName:Bauhaus 93
StyleName:Regular
FullName:Bauhaus 93
WritingScript:Roman
OutlineFileName:\BAUHS93.TTF
DataFormat:sfntData
FileLength:46176
WeightClass:400
WidthClass:5
AngleClass:0
%EndFont

%BeginFont
Handler:DirectoryHandler
FontType:TrueType
FontName:BellMT
FamilyName:Bell MT
StyleName:Regular
FullName:Bell MT
WritingScript:Roman
OutlineFileName:\BELL.TTF
DataFormat:sfntData
FileLength:84840
WeightClass:400
WidthClass:5
AngleClass:0
%EndFont

%BeginFont
Handler:DirectoryHandler
FontType:TrueType
FontName:BellMTBold
FamilyName:Bell MT
StyleName:Bold
FullName:Bell MT Bold
WritingScript:Roman
OutlineFileName:\BELLB.TTF
DataFormat:sfntData
FileLength:82580
WeightClass:700
WidthClass:5
AngleClass:0
%EndFont

%BeginFont
Handler:DirectoryHandler
FontType:TrueType
FontName:BellMTItalic
FamilyName:Bell MT
StyleName:Italic
FullName:Bell MT Italic
WritingScript:Roman
OutlineFileName:\BELLI.TTF
DataFormat:sfntData
FileLength:82192
WeightClass:400
WidthClass:5
AngleClass:1
%EndFont

%BeginFont
Handler:DirectoryHandler
FontType:TrueType
FontName:BernardMT-Condensed
FamilyName:Bernard MT Condensed
StyleName:Regular
FullName:Bernard MT Condensed
WritingScript:Roman
OutlineFileName:\BERNHC.TTF
DataFormat:sfntData
FileLength:70656
WeightClass:400
WidthClass:3
AngleClass:0
%EndFont

%BeginFont
Handler:DirectoryHandler
FontType:TrueType
FontName:BookAntiqua
FamilyName:Book Antiqua
StyleName:Regular
FullName:Book Antiqua
WritingScript:Roman
OutlineFileName:\BKANT.TTF
DataFormat:sfntData
FileLength:155528
WeightClass:400
WidthClass:5
AngleClass:0
%EndFont

%BeginFont
Handler:DirectoryHandler
FontType:TrueType
FontName:BodoniMT-Bold
FamilyName:Bodoni MT
StyleName:Bold
FullName:Bodoni MT Bold
WritingScript:Roman
OutlineFileName:\BOD_B.TTF
DataFormat:sfntData
FileLength:74440
WeightClass:700
WidthClass:5
AngleClass:0
%EndFont

%BeginFont
Handler:DirectoryHandler
FontType:TrueType
FontName:BodoniMT-BoldItalic
FamilyName:Bodoni MT
StyleName:Bold Italic
FullName:Bodoni MT Bold Italic
WritingScript:Roman
OutlineFileName:\BOD_BI.TTF
DataFormat:sfntData
FileLength:85308
WeightClass:700
WidthClass:5
AngleClass:1
%EndFont

%BeginFont
Handler:DirectoryHandler
FontType:TrueType
FontName:BodoniMTBlack-Italic
FamilyName:Bodoni MT
StyleName:Black Italic
FullName:Bodoni MT Black Italic
WritingScript:Roman
OutlineFileName:\BOD_BLAI.TTF
DataFormat:sfntData
FileLength:83816
WeightClass:900
WidthClass:5
AngleClass:1
%EndFont

%BeginFont
Handler:DirectoryHandler
FontType:TrueType
FontName:BodoniMTBlack
FamilyName:Bodoni MT
StyleName:Black
FullName:Bodoni MT Black
WritingScript:Roman
OutlineFileName:\BOD_BLAR.TTF
DataFormat:sfntData
FileLength:73616
WeightClass:900
WidthClass:5
AngleClass:0
%EndFont

%BeginFont
Handler:DirectoryHandler
FontType:TrueType
FontName:BodoniMTCondensed-Bold
FamilyName:Bodoni MT
StyleName:Condensed Bold
FullName:Bodoni MT Condensed Bold
WritingScript:Roman
OutlineFileName:\BOD_CB.TTF
DataFormat:sfntData
FileLength:74092
WeightClass:700
WidthClass:3
AngleClass:0
%EndFont

%BeginFont
Handler:DirectoryHandler
FontType:TrueType
FontName:BodoniMTCondensed-BoldItalic
FamilyName:Bodoni MT
StyleName:Condensed Bold Italic
FullName:Bodoni MT Condensed Bold Italic
WritingScript:Roman
OutlineFileName:\BOD_CBI.TTF
DataFormat:sfntData
FileLength:81072
WeightClass:700
WidthClass:3
AngleClass:1
%EndFont

%BeginFont
Handler:DirectoryHandler
FontType:TrueType
FontName:BodoniMTCondensed-Italic
FamilyName:Bodoni MT
StyleName:Condensed Italic
FullName:Bodoni MT Condensed Italic
WritingScript:Roman
OutlineFileName:\BOD_CI.TTF
DataFormat:sfntData
FileLength:80536
WeightClass:400
WidthClass:3
AngleClass:1
%EndFont

%BeginFont
Handler:DirectoryHandler
FontType:TrueType
FontName:BodoniMTCondensed
FamilyName:Bodoni MT
StyleName:Condensed
FullName:Bodoni MT Condensed
WritingScript:Roman
OutlineFileName:\BOD_CR.TTF
DataFormat:sfntData
FileLength:80580
WeightClass:400
WidthClass:3
AngleClass:0
%EndFont

%BeginFont
Handler:DirectoryHandler
FontType:TrueType
FontName:BodoniMT-Italic
FamilyName:Bodoni MT
StyleName:Italic
FullName:Bodoni MT Italic
WritingScript:Roman
OutlineFileName:\BOD_I.TTF
DataFormat:sfntData
FileLength:89940
WeightClass:400
WidthClass:5
AngleClass:1
%EndFont

%BeginFont
Handler:DirectoryHandler
FontType:TrueType
FontName:BodoniMTPosterCompressed
FamilyName:Bodoni MT
StyleName:Poster Compressed
FullName:Bodoni MT Poster Compressed
WritingScript:Roman
OutlineFileName:\BOD_PSTC.TTF
DataFormat:sfntData
FileLength:91592
WeightClass:300
WidthClass:2
AngleClass:0
%EndFont

%BeginFont
Handler:DirectoryHandler
FontType:TrueType
FontName:BodoniMT
FamilyName:Bodoni MT
StyleName:Regular
FullName:Bodoni MT
WritingScript:Roman
OutlineFileName:\BOD_R.TTF
DataFormat:sfntData
FileLength:77884
WeightClass:400
WidthClass:5
AngleClass:0
%EndFont

%BeginFont
Handler:DirectoryHandler
FontType:TrueType
FontName:BookmanOldStyle
FamilyName:Bookman Old Style
StyleName:Regular
FullName:Bookman Old Style
WritingScript:Roman
OutlineFileName:\BOOKOS.TTF
DataFormat:sfntData
FileLength:160940
WeightClass:300
WidthClass:5
AngleClass:0
%EndFont

%BeginFont
Handler:DirectoryHandler
FontType:TrueType
FontName:BookmanOldStyle-Bold
FamilyName:Bookman Old Style
StyleName:Bold
FullName:Bookman Old Style Bold
WritingScript:Roman
OutlineFileName:\BOOKOSB.TTF
DataFormat:sfntData
FileLength:154576
WeightClass:600
WidthClass:5
AngleClass:0
%EndFont

%BeginFont
Handler:DirectoryHandler
FontType:TrueType
FontName:BookmanOldStyle-BoldItalic
FamilyName:Bookman Old Style
StyleName:Bold Italic
FullName:Bookman Old Style Bold Italic
WritingScript:Roman
OutlineFileName:\BOOKOSBI.TTF
DataFormat:sfntData
FileLength:162460
WeightClass:600
WidthClass:5
AngleClass:1
%EndFont

%BeginFont
Handler:DirectoryHandler
FontType:TrueType
FontName:BookmanOldStyle-Italic
FamilyName:Bookman Old Style
StyleName:Italic
FullName:Bookman Old Style Italic
WritingScript:Roman
OutlineFileName:\BOOKOSI.TTF
DataFormat:sfntData
FileLength:161020
WeightClass:300
WidthClass:5
AngleClass:1
%EndFont

%BeginFont
Handler:DirectoryHandler
FontType:TrueType
FontName:BradleyHandITC
FamilyName:Bradley Hand ITC
StyleName:Regular
FullName:Bradley Hand ITC
WritingScript:Roman
OutlineFileName:\BRADHITC.TTF
DataFormat:sfntData
FileLength:105296
WeightClass:400
WidthClass:5
AngleClass:0
%EndFont

%BeginFont
Handler:DirectoryHandler
FontType:TrueType
FontName:BritannicBold
FamilyName:Britannic Bold
StyleName:Regular
FullName:Britannic Bold
WritingScript:Roman
OutlineFileName:\BRITANIC.TTF
DataFormat:sfntData
FileLength:40728
WeightClass:400
WidthClass:5
AngleClass:0
%EndFont

%BeginFont
Handler:DirectoryHandler
FontType:TrueType
FontName:BerlinSansFB-Bold
FamilyName:Berlin Sans FB
StyleName:Bold
FullName:Berlin Sans FB Bold
WritingScript:Roman
OutlineFileName:\BRLNSB.TTF
DataFormat:sfntData
FileLength:96880
WeightClass:700
WidthClass:5
AngleClass:0
%EndFont

%BeginFont
Handler:DirectoryHandler
FontType:TrueType
FontName:BerlinSansFBDemi-Bold
FamilyName:Berlin Sans FB Demi
StyleName:Bold
FullName:Berlin Sans FB Demi Bold
WritingScript:Roman
OutlineFileName:\BRLNSDB.TTF
DataFormat:sfntData
FileLength:96852
WeightClass:700
WidthClass:5
AngleClass:0
%EndFont

%BeginFont
Handler:DirectoryHandler
FontType:TrueType
FontName:BerlinSansFB-Reg
FamilyName:Berlin Sans FB
StyleName:Regular
FullName:Berlin Sans FB
WritingScript:Roman
OutlineFileName:\BRLNSR.TTF
DataFormat:sfntData
FileLength:97284
WeightClass:400
WidthClass:5
AngleClass:0
%EndFont

%BeginFont
Handler:DirectoryHandler
FontType:TrueType
FontName:Broadway
FamilyName:Broadway
StyleName:Regular
FullName:Broadway
WritingScript:Roman
OutlineFileName:\BROADW.TTF
DataFormat:sfntData
FileLength:60372
WeightClass:400
WidthClass:5
AngleClass:0
%EndFont

%BeginFont
Handler:DirectoryHandler
FontType:TrueType
FontName:BrushScriptMT
FamilyName:Brush Script MT
StyleName:Italic
FullName:Brush Script MT Italic
WritingScript:Roman
OutlineFileName:\BRUSHSCI.TTF
DataFormat:sfntData
FileLength:53456
WeightClass:400
WidthClass:5
AngleClass:1
%EndFont

%BeginFont
Handler:DirectoryHandler
FontType:TrueType
FontName:CalifornianFB-Bold
FamilyName:Californian FB
StyleName:Bold
FullName:Californian FB Bold
WritingScript:Roman
OutlineFileName:\CALIFB.TTF
DataFormat:sfntData
FileLength:80620
WeightClass:700
WidthClass:5
AngleClass:0
%EndFont

%BeginFont
Handler:DirectoryHandler
FontType:TrueType
FontName:CalifornianFB-Italic
FamilyName:Californian FB
StyleName:Italic
FullName:Californian FB Italic
WritingScript:Roman
OutlineFileName:\CALIFI.TTF
DataFormat:sfntData
FileLength:98748
WeightClass:400
WidthClass:5
AngleClass:1
%EndFont

%BeginFont
Handler:DirectoryHandler
FontType:TrueType
FontName:CalifornianFB-Reg
FamilyName:Californian FB
StyleName:Regular
FullName:Californian FB
WritingScript:Roman
OutlineFileName:\CALIFR.TTF
DataFormat:sfntData
FileLength:105300
WeightClass:400
WidthClass:5
AngleClass:0
%EndFont

%BeginFont
Handler:DirectoryHandler
FontType:TrueType
FontName:CalistoMT
FamilyName:Calisto MT
StyleName:Regular
FullName:Calisto MT
WritingScript:Roman
OutlineFileName:\CALIST.TTF
DataFormat:sfntData
FileLength:80148
WeightClass:400
WidthClass:5
AngleClass:0
%EndFont

%BeginFont
Handler:DirectoryHandler
FontType:TrueType
FontName:CalisMTBol
FamilyName:Calisto MT
StyleName:Bold
FullName:Calisto MT Bold
WritingScript:Roman
OutlineFileName:\CALISTB.TTF
DataFormat:sfntData
FileLength:85080
WeightClass:700
WidthClass:5
AngleClass:0
%EndFont

%BeginFont
Handler:DirectoryHandler
FontType:TrueType
FontName:CalistoMT-BoldItalic
FamilyName:Calisto MT
StyleName:Bold Italic
FullName:Calisto MT Bold Italic
WritingScript:Roman
OutlineFileName:\CALISTBI.TTF
DataFormat:sfntData
FileLength:84960
WeightClass:700
WidthClass:5
AngleClass:1
%EndFont

%BeginFont
Handler:DirectoryHandler
FontType:TrueType
FontName:CalistoMT-Italic
FamilyName:Calisto MT
StyleName:Italic
FullName:Calisto MT Italic
WritingScript:Roman
OutlineFileName:\CALISTI.TTF
DataFormat:sfntData
FileLength:59372
WeightClass:400
WidthClass:5
AngleClass:1
%EndFont

%BeginFont
Handler:DirectoryHandler
FontType:TrueType
FontName:Castellar
FamilyName:Castellar
StyleName:Regular
FullName:Castellar
WritingScript:Roman
OutlineFileName:\CASTELAR.TTF
DataFormat:sfntData
FileLength:48252
WeightClass:400
WidthClass:5
AngleClass:0
%EndFont

%BeginFont
Handler:DirectoryHandler
FontType:TrueType
FontName:CenturySchoolbook
FamilyName:Century Schoolbook
StyleName:Regular
FullName:Century Schoolbook
WritingScript:Roman
OutlineFileName:\CENSCBK.TTF
DataFormat:sfntData
FileLength:162380
WeightClass:400
WidthClass:5
AngleClass:0
%EndFont

%BeginFont
Handler:DirectoryHandler
FontType:TrueType
FontName:Centaur
FamilyName:Centaur
StyleName:Regular
FullName:Centaur
WritingScript:Roman
OutlineFileName:\CENTAUR.TTF
DataFormat:sfntData
FileLength:82760
WeightClass:400
WidthClass:5
AngleClass:0
%EndFont

%BeginFont
Handler:DirectoryHandler
FontType:TrueType
FontName:Century
FamilyName:Century
StyleName:Regular
FullName:Century
WritingScript:Roman
OutlineFileName:\CENTURY.TTF
DataFormat:sfntData
FileLength:165248
WeightClass:400
WidthClass:5
AngleClass:0
%EndFont

%BeginFont
Handler:DirectoryHandler
FontType:TrueType
FontName:Chiller-Regular
FamilyName:Chiller
StyleName:Regular
FullName:Chiller
WritingScript:Roman
OutlineFileName:\CHILLER.TTF
DataFormat:sfntData
FileLength:96452
WeightClass:400
WidthClass:6
AngleClass:0
%EndFont

%BeginFont
Handler:DirectoryHandler
FontType:TrueType
FontName:ColonnaMT
FamilyName:Colonna MT
StyleName:Regular
FullName:Colonna MT
WritingScript:Roman
OutlineFileName:\COLONNA.TTF
DataFormat:sfntData
FileLength:54952
WeightClass:400
WidthClass:5
AngleClass:0
%EndFont

%BeginFont
Handler:DirectoryHandler
FontType:TrueType
FontName:ComicSansMS
FamilyName:Comic Sans MS
StyleName:Regular
FullName:Comic Sans MS
WritingScript:Roman
OutlineFileName:\comic.ttf
DataFormat:sfntData
FileLength:127596
WeightClass:400
WidthClass:5
AngleClass:0
%EndFont

%BeginFont
Handler:DirectoryHandler
FontType:TrueType
FontName:ComicSansMS-Bold
FamilyName:Comic Sans MS
StyleName:Bold
FullName:Comic Sans MS Bold
WritingScript:Roman
OutlineFileName:\comicbd.ttf
DataFormat:sfntData
FileLength:111476
WeightClass:700
WidthClass:5
AngleClass:0
%EndFont

%BeginFont
Handler:DirectoryHandler
FontType:TrueType
FontName:CooperBlack
FamilyName:Cooper Black
StyleName:Regular
FullName:Cooper Black
WritingScript:Roman
OutlineFileName:\COOPBL.TTF
DataFormat:sfntData
FileLength:80388
WeightClass:400
WidthClass:5
AngleClass:0
%EndFont

%BeginFont
Handler:DirectoryHandler
FontType:TrueType
FontName:CopperplateGothic-Bold
FamilyName:Copperplate Gothic Bold
StyleName:Regular
FullName:Copperplate Gothic Bold
WritingScript:Roman
OutlineFileName:\COPRGTB.TTF
DataFormat:sfntData
FileLength:61552
WeightClass:400
WidthClass:5
AngleClass:0
%EndFont

%BeginFont
Handler:DirectoryHandler
FontType:TrueType
FontName:CopperplateGothic-Light
FamilyName:Copperplate Gothic Light
StyleName:Regular
FullName:Copperplate Gothic Light
WritingScript:Roman
OutlineFileName:\COPRGTL.TTF
DataFormat:sfntData
FileLength:62716
WeightClass:400
WidthClass:5
AngleClass:0
%EndFont

%BeginFont
Handler:DirectoryHandler
FontType:TrueType
FontName:CourierNewPSMT
FamilyName:Courier New
StyleName:Regular
FullName:Courier New
WritingScript:Roman
OutlineFileName:\cour.ttf
DataFormat:sfntData
FileLength:303296
WeightClass:400
WidthClass:5
AngleClass:0
%EndFont

%BeginFont
Handler:DirectoryHandler
FontType:TrueType
FontName:CourierNewPS-BoldMT
FamilyName:Courier New
StyleName:Bold
FullName:Courier New Bold
WritingScript:Roman
OutlineFileName:\courbd.ttf
DataFormat:sfntData
FileLength:312920
WeightClass:700
WidthClass:5
AngleClass:0
%EndFont

%BeginFont
Handler:DirectoryHandler
FontType:TrueType
FontName:CourierNewPS-BoldItalicMT
FamilyName:Courier New
StyleName:Bold Italic
FullName:Courier New Bold Italic
WritingScript:Roman
OutlineFileName:\courbi.ttf
DataFormat:sfntData
FileLength:236148
WeightClass:700
WidthClass:5
AngleClass:1
%EndFont

%BeginFont
Handler:DirectoryHandler
FontType:TrueType
FontName:CourierNewPS-ItalicMT
FamilyName:Courier New
StyleName:Italic
FullName:Courier New Italic
WritingScript:Roman
OutlineFileName:\couri.ttf
DataFormat:sfntData
FileLength:245032
WeightClass:400
WidthClass:5
AngleClass:1
%EndFont

%BeginFont
Handler:DirectoryHandler
FontType:TrueType
FontName:CurlzMT
FamilyName:Curlz MT
StyleName:Regular
FullName:Curlz MT
WritingScript:Roman
OutlineFileName:\CURLZ___.TTF
DataFormat:sfntData
FileLength:69480
WeightClass:400
WidthClass:5
AngleClass:0
%EndFont

%BeginFont
Handler:DirectoryHandler
FontType:Invalid
OutlineFileName:\desktop.ini
%EndFont

%BeginFont
Handler:DirectoryHandler
FontType:TrueType
FontName:Elephant-Regular
FamilyName:Elephant
StyleName:Regular
FullName:Elephant
WritingScript:Roman
OutlineFileName:\ELEPHNT.TTF
DataFormat:sfntData
FileLength:51652
WeightClass:400
WidthClass:5
AngleClass:0
%EndFont

%BeginFont
Handler:DirectoryHandler
FontType:TrueType
FontName:Elephant-Italic
FamilyName:Elephant
StyleName:Italic
FullName:Elephant Italic
WritingScript:Roman
OutlineFileName:\ELEPHNTI.TTF
DataFormat:sfntData
FileLength:54324
WeightClass:400
WidthClass:5
AngleClass:1
%EndFont

%BeginFont
Handler:DirectoryHandler
FontType:TrueType
FontName:EngraversMT
FamilyName:Engravers MT
StyleName:Regular
FullName:Engravers MT
WritingScript:Roman
OutlineFileName:\ENGR.TTF
DataFormat:sfntData
FileLength:49768
WeightClass:500
WidthClass:7
AngleClass:0
%EndFont

%BeginFont
Handler:DirectoryHandler
FontType:TrueType
FontName:ErasITC-Bold
FamilyName:Eras Bold ITC
StyleName:Regular
FullName:Eras Bold ITC
WritingScript:Roman
OutlineFileName:\ERASBD.TTF
DataFormat:sfntData
FileLength:57508
WeightClass:400
WidthClass:5
AngleClass:0
%EndFont

%BeginFont
Handler:DirectoryHandler
FontType:TrueType
FontName:ErasITC-Demi
FamilyName:Eras Demi ITC
StyleName:Regular
FullName:Eras Demi ITC
WritingScript:Roman
OutlineFileName:\ERASDEMI.TTF
DataFormat:sfntData
FileLength:59996
WeightClass:400
WidthClass:5
AngleClass:0
%EndFont

%BeginFont
Handler:DirectoryHandler
FontType:TrueType
FontName:ErasITC-Light
FamilyName:Eras Light ITC
StyleName:Regular
FullName:Eras Light ITC
WritingScript:Roman
OutlineFileName:\ERASLGHT.TTF
DataFormat:sfntData
FileLength:68656
WeightClass:400
WidthClass:5
AngleClass:0
%EndFont

%BeginFont
Handler:DirectoryHandler
FontType:TrueType
FontName:ErasITC-Medium
FamilyName:Eras Medium ITC
StyleName:Regular
FullName:Eras Medium ITC
WritingScript:Roman
OutlineFileName:\ERASMD.TTF
DataFormat:sfntData
FileLength:60772
WeightClass:400
WidthClass:5
AngleClass:0
%EndFont

%BeginFont
Handler:DirectoryHandler
FontType:TrueType
FontName:Euclid
FamilyName:Euclid
StyleName:Regular
FullName:Euclid
WritingScript:Roman
OutlineFileName:\euclid.ttf
DataFormat:sfntData
FileLength:60758
WeightClass:400
WidthClass:5
AngleClass:0
%EndFont

%BeginFont
Handler:DirectoryHandler
FontType:TrueType
FontName:Euclid-Bold
FamilyName:Euclid
StyleName:Bold
FullName:Euclid Bold
WritingScript:Roman
OutlineFileName:\euclidb.ttf
DataFormat:sfntData
FileLength:58238
WeightClass:700
WidthClass:5
AngleClass:0
%EndFont

%BeginFont
Handler:DirectoryHandler
FontType:TrueType
FontName:Euclid-BoldItalic
FamilyName:Euclid
StyleName:Bold Italic
FullName:Euclid Bold Italic
WritingScript:Roman
OutlineFileName:\euclidbi.ttf
DataFormat:sfntData
FileLength:70682
WeightClass:700
WidthClass:5
AngleClass:0
%EndFont

%BeginFont
Handler:DirectoryHandler
FontType:TrueType
FontName:Euclid-Italic
FamilyName:Euclid
StyleName:Italic
FullName:Euclid Italic
WritingScript:Roman
OutlineFileName:\euclidi.ttf
DataFormat:sfntData
FileLength:68584
WeightClass:400
WidthClass:5
AngleClass:0
%EndFont

%BeginFont
Handler:DirectoryHandler
FontType:TrueType
FontName:EuclidSymbol
FamilyName:Euclid Symbol
StyleName:Regular
FullName:Euclid Symbol
WritingScript:Roman
OutlineFileName:\eucsym.ttf
DataFormat:sfntData
FileLength:42306
WeightClass:400
WidthClass:5
AngleClass:0
%EndFont

%BeginFont
Handler:DirectoryHandler
FontType:TrueType
FontName:EuclidSymbol-Bold
FamilyName:Euclid Symbol
StyleName:Bold
FullName:Euclid Symbol Bold
WritingScript:Roman
OutlineFileName:\eucsymb.ttf
DataFormat:sfntData
FileLength:40686
WeightClass:700
WidthClass:5
AngleClass:0
%EndFont

%BeginFont
Handler:DirectoryHandler
FontType:TrueType
FontName:EuclidSymbol-BoldItalic
FamilyName:Euclid Symbol
StyleName:Bold Italic
FullName:Euclid Symbol Bold Italic
WritingScript:Roman
OutlineFileName:\eucsymbi.ttf
DataFormat:sfntData
FileLength:41276
WeightClass:700
WidthClass:5
AngleClass:0
%EndFont

%BeginFont
Handler:DirectoryHandler
FontType:TrueType
FontName:EuclidSymbol-Italic
FamilyName:Euclid Symbol
StyleName:Italic
FullName:Euclid Symbol Italic
WritingScript:Roman
OutlineFileName:\eucsymi.ttf
DataFormat:sfntData
FileLength:43452
WeightClass:400
WidthClass:5
AngleClass:0
%EndFont

%BeginFont
Handler:DirectoryHandler
FontType:TrueType
FontName:EuclidFraktur
FamilyName:Euclid Fraktur
StyleName:Regular
FullName:Euclid Fraktur
WritingScript:Roman
OutlineFileName:\eufrak.ttf
DataFormat:sfntData
FileLength:29992
WeightClass:400
WidthClass:5
AngleClass:0
%EndFont

%BeginFont
Handler:DirectoryHandler
FontType:TrueType
FontName:EuclidFraktur-Bold
FamilyName:Euclid Fraktur
StyleName:Bold
FullName:Euclid Fraktur Bold
WritingScript:Roman
OutlineFileName:\eufrakb.ttf
DataFormat:sfntData
FileLength:29190
WeightClass:700
WidthClass:5
AngleClass:0
%EndFont

%BeginFont
Handler:DirectoryHandler
FontType:TrueType
FontName:EuclidMathOne
FamilyName:Euclid Math One
StyleName:Regular
FullName:Euclid Math One
WritingScript:Roman
OutlineFileName:\eumat1.ttf
DataFormat:sfntData
FileLength:36244
WeightClass:400
WidthClass:5
AngleClass:0
%EndFont

%BeginFont
Handler:DirectoryHandler
FontType:TrueType
FontName:EuclidMathOne-Bold
FamilyName:Euclid Math One
StyleName:Bold
FullName:Euclid Math One Bold
WritingScript:Roman
OutlineFileName:\eumat1b.ttf
DataFormat:sfntData
FileLength:36432
WeightClass:700
WidthClass:5
AngleClass:0
%EndFont

%BeginFont
Handler:DirectoryHandler
FontType:TrueType
FontName:EuclidMathTwo
FamilyName:Euclid Math Two
StyleName:Regular
FullName:Euclid Math Two
WritingScript:Roman
OutlineFileName:\eumat2.ttf
DataFormat:sfntData
FileLength:42516
WeightClass:400
WidthClass:5
AngleClass:0
%EndFont

%BeginFont
Handler:DirectoryHandler
FontType:TrueType
FontName:EuclidMathTwo-Bold
FamilyName:Euclid Math Two
StyleName:Bold
FullName:Euclid Math Two Bold
WritingScript:Roman
OutlineFileName:\eumat2b.ttf
DataFormat:sfntData
FileLength:42036
WeightClass:700
WidthClass:5
AngleClass:0
%EndFont

%BeginFont
Handler:DirectoryHandler
FontType:TrueType
FontName:FelixTitlingMT
FamilyName:Felix Titling
StyleName:Regular
FullName:Felix Titling
WritingScript:Roman
OutlineFileName:\FELIXTI.TTF
DataFormat:sfntData
FileLength:45952
WeightClass:400
WidthClass:5
AngleClass:0
%EndFont

%BeginFont
Handler:DirectoryHandler
FontType:TrueType
FontName:ForteMT
FamilyName:Forte
StyleName:Regular
FullName:Forte
WritingScript:Roman
OutlineFileName:\FORTE.TTF
DataFormat:sfntData
FileLength:61776
WeightClass:400
WidthClass:5
AngleClass:1
%EndFont

%BeginFont
Handler:DirectoryHandler
FontType:TrueType
FontName:FranklinGothic-Book
FamilyName:Franklin Gothic Book
StyleName:Regular
FullName:Franklin Gothic Book
WritingScript:Roman
OutlineFileName:\FRABK.TTF
DataFormat:sfntData
FileLength:152700
WeightClass:400
WidthClass:5
AngleClass:0
%EndFont

%BeginFont
Handler:DirectoryHandler
FontType:TrueType
FontName:FranklinGothic-BookItalic
FamilyName:Franklin Gothic Book
StyleName:Italic
FullName:Franklin Gothic Book Italic
WritingScript:Roman
OutlineFileName:\FRABKIT.TTF
DataFormat:sfntData
FileLength:169620
WeightClass:400
WidthClass:5
AngleClass:1
%EndFont

%BeginFont
Handler:DirectoryHandler
FontType:TrueType
FontName:FranklinGothic-Demi
FamilyName:Franklin Gothic Demi
StyleName:Regular
FullName:Franklin Gothic Demi
WritingScript:Roman
OutlineFileName:\FRADM.TTF
DataFormat:sfntData
FileLength:142932
WeightClass:400
WidthClass:5
AngleClass:0
%EndFont

%BeginFont
Handler:DirectoryHandler
FontType:TrueType
FontName:FranklinGothic-DemiCond
FamilyName:Franklin Gothic Demi Cond
StyleName:Regular
FullName:Franklin Gothic Demi Cond
WritingScript:Roman
OutlineFileName:\FRADMCN.TTF
DataFormat:sfntData
FileLength:116940
WeightClass:400
WidthClass:3
AngleClass:0
%EndFont

%BeginFont
Handler:DirectoryHandler
FontType:TrueType
FontName:FranklinGothic-DemiItalic
FamilyName:Franklin Gothic Demi
StyleName:Italic
FullName:Franklin Gothic Demi Italic
WritingScript:Roman
OutlineFileName:\FRADMIT.TTF
DataFormat:sfntData
FileLength:135904
WeightClass:400
WidthClass:5
AngleClass:1
%EndFont

%BeginFont
Handler:DirectoryHandler
FontType:TrueType
FontName:FranklinGothic-Heavy
FamilyName:Franklin Gothic Heavy
StyleName:Regular
FullName:Franklin Gothic Heavy
WritingScript:Roman
OutlineFileName:\FRAHV.TTF
DataFormat:sfntData
FileLength:139400
WeightClass:400
WidthClass:5
AngleClass:0
%EndFont

%BeginFont
Handler:DirectoryHandler
FontType:TrueType
FontName:FranklinGothic-HeavyItalic
FamilyName:Franklin Gothic Heavy
StyleName:Italic
FullName:Franklin Gothic Heavy Italic
WritingScript:Roman
OutlineFileName:\FRAHVIT.TTF
DataFormat:sfntData
FileLength:152700
WeightClass:400
WidthClass:5
AngleClass:1
%EndFont

%BeginFont
Handler:DirectoryHandler
FontType:TrueType
FontName:FranklinGothic-Medium
FamilyName:Franklin Gothic Medium
StyleName:Regular
FullName:Franklin Gothic Medium
WritingScript:Roman
OutlineFileName:\framd.ttf
DataFormat:sfntData
FileLength:135984
WeightClass:400
WidthClass:5
AngleClass:0
%EndFont

%BeginFont
Handler:DirectoryHandler
FontType:TrueType
FontName:FranklinGothic-MediumCond
FamilyName:Franklin Gothic Medium Cond
StyleName:Regular
FullName:Franklin Gothic Medium Cond
WritingScript:Roman
OutlineFileName:\FRAMDCN.TTF
DataFormat:sfntData
FileLength:132516
WeightClass:400
WidthClass:3
AngleClass:0
%EndFont

%BeginFont
Handler:DirectoryHandler
FontType:TrueType
FontName:FranklinGothic-MediumItalic
FamilyName:Franklin Gothic Medium
StyleName:Italic
FullName:Franklin Gothic Medium Italic
WritingScript:Roman
OutlineFileName:\framdit.ttf
DataFormat:sfntData
FileLength:152844
WeightClass:400
WidthClass:5
AngleClass:1
%EndFont

%BeginFont
Handler:DirectoryHandler
FontType:TrueType
FontName:FreestyleScript-Regular
FamilyName:Freestyle Script
StyleName:Regular
FullName:Freestyle Script
WritingScript:Roman
OutlineFileName:\FREESCPT.TTF
DataFormat:sfntData
FileLength:69876
WeightClass:400
WidthClass:5
AngleClass:0
%EndFont

%BeginFont
Handler:DirectoryHandler
FontType:TrueType
FontName:FrenchScriptMT
FamilyName:French Script MT
StyleName:Regular
FullName:French Script MT
WritingScript:Roman
OutlineFileName:\FRSCRIPT.TTF
DataFormat:sfntData
FileLength:58580
WeightClass:400
WidthClass:5
AngleClass:0
%EndFont

%BeginFont
Handler:DirectoryHandler
FontType:TrueType
FontName:FootlightMTLight
FamilyName:Footlight MT Light
StyleName:Regular
FullName:Footlight MT Light
WritingScript:Roman
OutlineFileName:\FTLTLT.TTF
DataFormat:sfntData
FileLength:83580
WeightClass:300
WidthClass:5
AngleClass:0
%EndFont

%BeginFont
Handler:DirectoryHandler
FontType:TrueType
FontName:Garamond
FamilyName:Garamond
StyleName:Regular
FullName:Garamond
WritingScript:Roman
OutlineFileName:\GARA.TTF
DataFormat:sfntData
FileLength:196616
WeightClass:400
WidthClass:5
AngleClass:0
%EndFont

%BeginFont
Handler:DirectoryHandler
FontType:TrueType
FontName:Garamond-Bold
FamilyName:Garamond
StyleName:Bold
FullName:Garamond Bold
WritingScript:Roman
OutlineFileName:\GARABD.TTF
DataFormat:sfntData
FileLength:198604
WeightClass:700
WidthClass:5
AngleClass:0
%EndFont

%BeginFont
Handler:DirectoryHandler
FontType:TrueType
FontName:Garamond-Italic
FamilyName:Garamond
StyleName:Italic
FullName:Garamond Italic
WritingScript:Roman
OutlineFileName:\GARAIT.TTF
DataFormat:sfntData
FileLength:188988
WeightClass:400
WidthClass:5
AngleClass:1
%EndFont

%BeginFont
Handler:DirectoryHandler
FontType:TrueType
FontName:Gautami
FamilyName:Gautami
StyleName:Regular
FullName:Gautami
WritingScript:Roman
OutlineFileName:\gautami.ttf
DataFormat:sfntData
FileLength:214936
WeightClass:400
WidthClass:5
AngleClass:0
%EndFont

%BeginFont
Handler:DirectoryHandler
FontType:TrueType
FontName:Georgia
FamilyName:Georgia
StyleName:Regular
FullName:Georgia
WritingScript:Roman
OutlineFileName:\georgia.ttf
DataFormat:sfntData
FileLength:155068
WeightClass:400
WidthClass:5
AngleClass:0
%EndFont

%BeginFont
Handler:DirectoryHandler
FontType:TrueType
FontName:Georgia-Bold
FamilyName:Georgia
StyleName:Bold
FullName:Georgia Bold
WritingScript:Roman
OutlineFileName:\georgiab.ttf
DataFormat:sfntData
FileLength:141032
WeightClass:700
WidthClass:5
AngleClass:0
%EndFont

%BeginFont
Handler:DirectoryHandler
FontType:TrueType
FontName:Georgia-Italic
FamilyName:Georgia
StyleName:Italic
FullName:Georgia Italic
WritingScript:Roman
OutlineFileName:\georgiai.ttf
DataFormat:sfntData
FileLength:157388
WeightClass:400
WidthClass:5
AngleClass:1
%EndFont

%BeginFont
Handler:DirectoryHandler
FontType:TrueType
FontName:Georgia-BoldItalic
FamilyName:Georgia
StyleName:Bold Italic
FullName:Georgia Bold Italic
WritingScript:Roman
OutlineFileName:\georgiaz.ttf
DataFormat:sfntData
FileLength:159736
WeightClass:700
WidthClass:5
AngleClass:1
%EndFont

%BeginFont
Handler:DirectoryHandler
FontType:TrueType
FontName:Gigi-Regular
FamilyName:Gigi
StyleName:Regular
FullName:Gigi
WritingScript:Roman
OutlineFileName:\GIGI.TTF
DataFormat:sfntData
FileLength:142072
WeightClass:400
WidthClass:5
AngleClass:0
%EndFont

%BeginFont
Handler:DirectoryHandler
FontType:TrueType
FontName:GillSans-UltraBoldCondensed
FamilyName:Gill Sans Ultra Bold Condensed
StyleName:Regular
FullName:Gill Sans Ultra Bold Condensed
WritingScript:Roman
OutlineFileName:\GILLUBCD.TTF
DataFormat:sfntData
FileLength:72408
WeightClass:400
WidthClass:3
AngleClass:0
%EndFont

%BeginFont
Handler:DirectoryHandler
FontType:TrueType
FontName:GillSans-UltraBold
FamilyName:Gill Sans Ultra Bold
StyleName:Regular
FullName:Gill Sans Ultra Bold
WritingScript:Roman
OutlineFileName:\GILSANUB.TTF
DataFormat:sfntData
FileLength:73136
WeightClass:400
WidthClass:5
AngleClass:0
%EndFont

%BeginFont
Handler:DirectoryHandler
FontType:TrueType
FontName:GloucesterMT-ExtraCondensed
FamilyName:Gloucester MT Extra Condensed
StyleName:Regular
FullName:Gloucester MT Extra Condensed
WritingScript:Roman
OutlineFileName:\GLECB.TTF
DataFormat:sfntData
FileLength:72676
WeightClass:400
WidthClass:2
AngleClass:0
%EndFont

%BeginFont
Handler:DirectoryHandler
FontType:TrueType
FontName:GillSansMT-ExtraCondensedBold
FamilyName:Gill Sans MT Ext Condensed Bold
StyleName:Regular
FullName:Gill Sans MT Ext Condensed Bold
WritingScript:Roman
OutlineFileName:\GLSNECB.TTF
DataFormat:sfntData
FileLength:84668
WeightClass:400
WidthClass:2
AngleClass:0
%EndFont

%BeginFont
Handler:DirectoryHandler
FontType:TrueType
FontName:CenturyGothic
FamilyName:Century Gothic
StyleName:Regular
FullName:Century Gothic
WritingScript:Roman
OutlineFileName:\GOTHIC.TTF
DataFormat:sfntData
FileLength:137568
WeightClass:400
WidthClass:5
AngleClass:0
%EndFont

%BeginFont
Handler:DirectoryHandler
FontType:TrueType
FontName:CenturyGothic-Bold
FamilyName:Century Gothic
StyleName:Bold
FullName:Century Gothic Bold
WritingScript:Roman
OutlineFileName:\GOTHICB.TTF
DataFormat:sfntData
FileLength:129676
WeightClass:700
WidthClass:5
AngleClass:0
%EndFont

%BeginFont
Handler:DirectoryHandler
FontType:TrueType
FontName:CenturyGothic-BoldItalic
FamilyName:Century Gothic
StyleName:Bold Italic
FullName:Century Gothic Bold Italic
WritingScript:Roman
OutlineFileName:\GOTHICBI.TTF
DataFormat:sfntData
FileLength:139084
WeightClass:700
WidthClass:5
AngleClass:1
%EndFont

%BeginFont
Handler:DirectoryHandler
FontType:TrueType
FontName:CenturyGothic-Italic
FamilyName:Century Gothic
StyleName:Italic
FullName:Century Gothic Italic
WritingScript:Roman
OutlineFileName:\GOTHICI.TTF
DataFormat:sfntData
FileLength:148520
WeightClass:400
WidthClass:5
AngleClass:1
%EndFont

%BeginFont
Handler:DirectoryHandler
FontType:TrueType
FontName:GoudyOldStyleT-Regular
FamilyName:Goudy Old Style
StyleName:Regular
FullName:Goudy Old Style
WritingScript:Roman
OutlineFileName:\GOUDOS.TTF
DataFormat:sfntData
FileLength:81376
WeightClass:400
WidthClass:6
AngleClass:0
%EndFont

%BeginFont
Handler:DirectoryHandler
FontType:TrueType
FontName:GoudyOldStyleT-Bold
FamilyName:Goudy Old Style
StyleName:Bold
FullName:Goudy Old Style Bold
WritingScript:Roman
OutlineFileName:\GOUDOSB.TTF
DataFormat:sfntData
FileLength:82796
WeightClass:700
WidthClass:6
AngleClass:0
%EndFont

%BeginFont
Handler:DirectoryHandler
FontType:TrueType
FontName:GoudyOldStyleT-Italic
FamilyName:Goudy Old Style
StyleName:Italic
FullName:Goudy Old Style Italic
WritingScript:Roman
OutlineFileName:\GOUDOSI.TTF
DataFormat:sfntData
FileLength:80280
WeightClass:400
WidthClass:5
AngleClass:1
%EndFont

%BeginFont
Handler:DirectoryHandler
FontType:TrueType
FontName:GoudyStout
FamilyName:Goudy Stout
StyleName:Regular
FullName:Goudy Stout
WritingScript:Roman
OutlineFileName:\GOUDYSTO.TTF
DataFormat:sfntData
FileLength:55956
WeightClass:400
WidthClass:5
AngleClass:0
%EndFont

%BeginFont
Handler:DirectoryHandler
FontType:TrueType
FontName:HarlowSolid
FamilyName:Harlow Solid Italic
StyleName:Italic
FullName:Harlow Solid Italic
WritingScript:Roman
OutlineFileName:\HARLOWSI.TTF
DataFormat:sfntData
FileLength:55060
WeightClass:400
WidthClass:6
AngleClass:0
%EndFont

%BeginFont
Handler:DirectoryHandler
FontType:TrueType
FontName:Harrington
FamilyName:Harrington
StyleName:Regular
FullName:Harrington
WritingScript:Roman
OutlineFileName:\HARNGTON.TTF
DataFormat:sfntData
FileLength:70440
WeightClass:400
WidthClass:5
AngleClass:0
%EndFont

%BeginFont
Handler:DirectoryHandler
FontType:TrueType
FontName:Haettenschweiler
FamilyName:Haettenschweiler
StyleName:Regular
FullName:Haettenschweiler
WritingScript:Roman
OutlineFileName:\HATTEN.TTF
DataFormat:sfntData
FileLength:108664
WeightClass:400
WidthClass:5
AngleClass:0
%EndFont

%BeginFont
Handler:DirectoryHandler
FontType:TrueType
FontName:HighTowerText-Reg
FamilyName:High Tower Text
StyleName:Regular
FullName:High Tower Text
WritingScript:Roman
OutlineFileName:\HTOWERT.TTF
DataFormat:sfntData
FileLength:92736
WeightClass:400
WidthClass:5
AngleClass:0
%EndFont

%BeginFont
Handler:DirectoryHandler
FontType:TrueType
FontName:HighTowerText-Italic
FamilyName:High Tower Text
StyleName:Italic
FullName:High Tower Text Italic
WritingScript:Roman
OutlineFileName:\HTOWERTI.TTF
DataFormat:sfntData
FileLength:74712
WeightClass:400
WidthClass:5
AngleClass:1
%EndFont

%BeginFont
Handler:DirectoryHandler
FontType:TrueType
FontName:Impact
FamilyName:Impact
StyleName:Regular
FullName:Impact
WritingScript:Roman
OutlineFileName:\impact.ttf
DataFormat:sfntData
FileLength:136076
WeightClass:400
WidthClass:3
AngleClass:0
%EndFont

%BeginFont
Handler:DirectoryHandler
FontType:TrueType
FontName:ImprintMT-Shadow
FamilyName:Imprint MT Shadow
StyleName:Regular
FullName:Imprint MT Shadow
WritingScript:Roman
OutlineFileName:\IMPRISHA.TTF
DataFormat:sfntData
FileLength:60488
WeightClass:400
WidthClass:5
AngleClass:0
%EndFont

%BeginFont
Handler:DirectoryHandler
FontType:TrueType
FontName:InformalRoman-Regular
FamilyName:Informal Roman
StyleName:Regular
FullName:Informal Roman
WritingScript:Roman
OutlineFileName:\INFROMAN.TTF
DataFormat:sfntData
FileLength:74968
WeightClass:400
WidthClass:5
AngleClass:0
%EndFont

%BeginFont
Handler:DirectoryHandler
FontType:TrueType
FontName:BlackadderITC-Regular
FamilyName:Blackadder ITC
StyleName:Regular
FullName:Blackadder ITC
WritingScript:Roman
OutlineFileName:\ITCBLKAD.TTF
DataFormat:sfntData
FileLength:132372
WeightClass:400
WidthClass:5
AngleClass:0
%EndFont

%BeginFont
Handler:DirectoryHandler
FontType:TrueType
FontName:EdwardianScriptITC
FamilyName:Edwardian Script ITC
StyleName:Regular
FullName:Edwardian Script ITC
WritingScript:Roman
OutlineFileName:\ITCEDSCR.TTF
DataFormat:sfntData
FileLength:64056
WeightClass:400
WidthClass:6
AngleClass:0
%EndFont

%BeginFont
Handler:DirectoryHandler
FontType:TrueType
FontName:KristenITC-Regular
FamilyName:Kristen ITC
StyleName:Regular
FullName:Kristen ITC
WritingScript:Roman
OutlineFileName:\ITCKRIST.TTF
DataFormat:sfntData
FileLength:59712
WeightClass:400
WidthClass:6
AngleClass:0
%EndFont

%BeginFont
Handler:DirectoryHandler
FontType:TrueType
FontName:Jokerman-Regular
FamilyName:Jokerman
StyleName:Regular
FullName:Jokerman
WritingScript:Roman
OutlineFileName:\JOKERMAN.TTF
DataFormat:sfntData
FileLength:69752
WeightClass:400
WidthClass:5
AngleClass:0
%EndFont

%BeginFont
Handler:DirectoryHandler
FontType:TrueType
FontName:JuiceITC-Regular
FamilyName:Juice ITC
StyleName:Regular
FullName:Juice ITC
WritingScript:Roman
OutlineFileName:\JUICE___.TTF
DataFormat:sfntData
FileLength:62884
WeightClass:400
WidthClass:5
AngleClass:0
%EndFont

%BeginFont
Handler:DirectoryHandler
FontType:TrueType
FontName:Kartika
FamilyName:Kartika
StyleName:Regular
FullName:Kartika
WritingScript:Roman
OutlineFileName:\kartika.ttf
DataFormat:sfntData
FileLength:121452
WeightClass:400
WidthClass:5
AngleClass:0
%EndFont

%BeginFont
Handler:DirectoryHandler
FontType:TrueType
FontName:KunstlerScript
FamilyName:Kunstler Script
StyleName:Regular
FullName:Kunstler Script
WritingScript:Roman
OutlineFileName:\KUNSTLER.TTF
DataFormat:sfntData
FileLength:63392
WeightClass:400
WidthClass:5
AngleClass:0
%EndFont

%BeginFont
Handler:DirectoryHandler
FontType:TrueType
FontName:LatinWide
FamilyName:Wide Latin
StyleName:Regular
FullName:Wide Latin
WritingScript:Roman
OutlineFileName:\LATINWD.TTF
DataFormat:sfntData
FileLength:44824
WeightClass:400
WidthClass:9
AngleClass:0
%EndFont

%BeginFont
Handler:DirectoryHandler
FontType:TrueType
FontName:LucidaBright
FamilyName:Lucida Bright
StyleName:Regular
FullName:Lucida Bright
WritingScript:Roman
OutlineFileName:\LBRITE.TTF
DataFormat:sfntData
FileLength:70748
WeightClass:400
WidthClass:5
AngleClass:0
%EndFont

%BeginFont
Handler:DirectoryHandler
FontType:TrueType
FontName:LucidaBright-Demi
FamilyName:Lucida Bright
StyleName:Demibold
FullName:Lucida Bright Demibold
WritingScript:Roman
OutlineFileName:\LBRITED.TTF
DataFormat:sfntData
FileLength:66724
WeightClass:600
WidthClass:5
AngleClass:0
%EndFont

%BeginFont
Handler:DirectoryHandler
FontType:TrueType
FontName:LucidaBright-DemiItalic
FamilyName:Lucida Bright
StyleName:Demibold Italic
FullName:Lucida Bright Demibold Italic
WritingScript:Roman
OutlineFileName:\LBRITEDI.TTF
DataFormat:sfntData
FileLength:71456
WeightClass:600
WidthClass:5
AngleClass:1
%EndFont

%BeginFont
Handler:DirectoryHandler
FontType:TrueType
FontName:LucidaBright-Italic
FamilyName:Lucida Bright
StyleName:Italic
FullName:Lucida Bright Italic
WritingScript:Roman
OutlineFileName:\LBRITEI.TTF
DataFormat:sfntData
FileLength:71000
WeightClass:400
WidthClass:5
AngleClass:1
%EndFont

%BeginFont
Handler:DirectoryHandler
FontType:TrueType
FontName:LucidaCalligraphy-Italic
FamilyName:Lucida Calligraphy
StyleName:Italic
FullName:Lucida Calligraphy Italic
WritingScript:Roman
OutlineFileName:\LCALLIG.TTF
DataFormat:sfntData
FileLength:55464
WeightClass:400
WidthClass:5
AngleClass:1
%EndFont

%BeginFont
Handler:DirectoryHandler
FontType:TrueType
FontName:LucidaFax
FamilyName:Lucida Fax
StyleName:Regular
FullName:Lucida Fax Regular
WritingScript:Roman
OutlineFileName:\LFAX.TTF
DataFormat:sfntData
FileLength:61912
WeightClass:400
WidthClass:5
AngleClass:0
%EndFont

%BeginFont
Handler:DirectoryHandler
FontType:TrueType
FontName:LucidaFax-Demi
FamilyName:Lucida Fax
StyleName:Demibold
FullName:Lucida Fax Demibold
WritingScript:Roman
OutlineFileName:\LFAXD.TTF
DataFormat:sfntData
FileLength:62100
WeightClass:600
WidthClass:5
AngleClass:0
%EndFont

%BeginFont
Handler:DirectoryHandler
FontType:TrueType
FontName:LucidaFax-DemiItalic
FamilyName:Lucida Fax
StyleName:Demibold Italic
FullName:Lucida Fax Demibold Italic
WritingScript:Roman
OutlineFileName:\LFAXDI.TTF
DataFormat:sfntData
FileLength:71472
WeightClass:600
WidthClass:5
AngleClass:1
%EndFont

%BeginFont
Handler:DirectoryHandler
FontType:TrueType
FontName:LucidaFax-Italic
FamilyName:Lucida Fax
StyleName:Italic
FullName:Lucida Fax Italic
WritingScript:Roman
OutlineFileName:\LFAXI.TTF
DataFormat:sfntData
FileLength:67420
WeightClass:400
WidthClass:5
AngleClass:1
%EndFont

%BeginFont
Handler:DirectoryHandler
FontType:TrueType
FontName:LucidaHandwriting-Italic
FamilyName:Lucida Handwriting
StyleName:Italic
FullName:Lucida Handwriting Italic
WritingScript:Roman
OutlineFileName:\LHANDW.TTF
DataFormat:sfntData
FileLength:62484
WeightClass:400
WidthClass:5
AngleClass:1
%EndFont

%BeginFont
Handler:DirectoryHandler
FontType:TrueType
FontName:LucidaSans
FamilyName:Lucida Sans
StyleName:Regular
FullName:Lucida Sans Regular
WritingScript:Roman
OutlineFileName:\LSANS.TTF
DataFormat:sfntData
FileLength:64608
WeightClass:400
WidthClass:5
AngleClass:0
%EndFont

%BeginFont
Handler:DirectoryHandler
FontType:TrueType
FontName:LucidaSans-Demi
FamilyName:Lucida Sans
StyleName:Demibold Roman
FullName:Lucida Sans Demibold Roman
WritingScript:Roman
OutlineFileName:\LSANSD.TTF
DataFormat:sfntData
FileLength:59976
WeightClass:600
WidthClass:5
AngleClass:0
%EndFont

%BeginFont
Handler:DirectoryHandler
FontType:TrueType
FontName:LucidaSans-DemiItalic
FamilyName:Lucida Sans
StyleName:Demibold Italic
FullName:Lucida Sans Demibold Italic
WritingScript:Roman
OutlineFileName:\LSANSDI.TTF
DataFormat:sfntData
FileLength:66320
WeightClass:600
WidthClass:5
AngleClass:1
%EndFont

%BeginFont
Handler:DirectoryHandler
FontType:TrueType
FontName:LucidaSans-Italic
FamilyName:Lucida Sans
StyleName:Italic
FullName:Lucida Sans Italic
WritingScript:Roman
OutlineFileName:\LSANSI.TTF
DataFormat:sfntData
FileLength:65412
WeightClass:400
WidthClass:5
AngleClass:1
%EndFont

%BeginFont
Handler:DirectoryHandler
FontType:TrueType
FontName:LucidaSans-Typewriter
FamilyName:Lucida Sans Typewriter
StyleName:Regular
FullName:Lucida Sans Typewriter Regular
WritingScript:Roman
OutlineFileName:\LTYPE.TTF
DataFormat:sfntData
FileLength:55984
WeightClass:400
WidthClass:4
AngleClass:0
%EndFont

%BeginFont
Handler:DirectoryHandler
FontType:TrueType
FontName:LucidaSans-TypewriterBold
FamilyName:Lucida Sans Typewriter
StyleName:Bold
FullName:Lucida Sans Typewriter Bold
WritingScript:Roman
OutlineFileName:\LTYPEB.TTF
DataFormat:sfntData
FileLength:52868
WeightClass:600
WidthClass:4
AngleClass:0
%EndFont

%BeginFont
Handler:DirectoryHandler
FontType:TrueType
FontName:LucidaSans-TypewriterBoldOblique
FamilyName:Lucida Sans Typewriter
StyleName:Bold Oblique
FullName:Lucida Sans Typewriter Bold Oblique
WritingScript:Roman
OutlineFileName:\LTYPEBO.TTF
DataFormat:sfntData
FileLength:54620
WeightClass:600
WidthClass:4
AngleClass:1
%EndFont

%BeginFont
Handler:DirectoryHandler
FontType:TrueType
FontName:LucidaSans-TypewriterOblique
FamilyName:Lucida Sans Typewriter
StyleName:Oblique
FullName:Lucida Sans Typewriter Oblique
WritingScript:Roman
OutlineFileName:\LTYPEO.TTF
DataFormat:sfntData
FileLength:65412
WeightClass:400
WidthClass:4
AngleClass:1
%EndFont

%BeginFont
Handler:DirectoryHandler
FontType:TrueType
FontName:LucidaConsole
FamilyName:Lucida Console
StyleName:Regular
FullName:Lucida Console
WritingScript:Roman
OutlineFileName:\lucon.ttf
DataFormat:sfntData
FileLength:115068
WeightClass:400
WidthClass:4
AngleClass:0
%EndFont

%BeginFont
Handler:DirectoryHandler
FontType:TrueType
FontName:LucidaSansUnicode
FamilyName:Lucida Sans Unicode
StyleName:Regular
FullName:Lucida Sans Unicode
WritingScript:Roman
OutlineFileName:\l_10646.ttf
DataFormat:sfntData
FileLength:323980
WeightClass:400
WidthClass:5
AngleClass:0
%EndFont

%BeginFont
Handler:DirectoryHandler
FontType:TrueType
FontName:Magneto-Bold
FamilyName:Magneto
StyleName:Bold
FullName:Magneto Bold
WritingScript:Roman
OutlineFileName:\MAGNETOB.TTF
DataFormat:sfntData
FileLength:65284
WeightClass:700
WidthClass:6
AngleClass:0
%EndFont

%BeginFont
Handler:DirectoryHandler
FontType:TrueType
FontName:MaiandraGD-Regular
FamilyName:Maiandra GD
StyleName:Regular
FullName:Maiandra GD
WritingScript:Roman
OutlineFileName:\MAIAN.TTF
DataFormat:sfntData
FileLength:61384
WeightClass:400
WidthClass:5
AngleClass:0
%EndFont

%BeginFont
Handler:DirectoryHandler
FontType:TrueType
FontName:Marlett
FamilyName:Marlett
StyleName:Regular
FullName:Marlett
WritingScript:Roman
OutlineFileName:\marlett.ttf
DataFormat:sfntData
FileLength:24124
WeightClass:500
WidthClass:5
AngleClass:0
%EndFont

%BeginFont
Handler:DirectoryHandler
FontType:TrueType
FontName:MaturaMTScriptCapitals
FamilyName:Matura MT Script Capitals
StyleName:Regular
FullName:Matura MT Script Capitals
WritingScript:Roman
OutlineFileName:\MATURASC.TTF
DataFormat:sfntData
FileLength:51296
WeightClass:400
WidthClass:5
AngleClass:0
%EndFont

%BeginFont
Handler:DirectoryHandler
FontType:TrueType
FontName:MicrosoftSansSerif
FamilyName:Microsoft Sans Serif
StyleName:Regular
FullName:Microsoft Sans Serif
WritingScript:Roman
OutlineFileName:\micross.ttf
DataFormat:sfntData
FileLength:460728
WeightClass:400
WidthClass:5
AngleClass:0
%EndFont

%BeginFont
Handler:DirectoryHandler
FontType:TrueType
FontName:Mistral
FamilyName:Mistral
StyleName:Regular
FullName:Mistral
WritingScript:Roman
OutlineFileName:\MISTRAL.TTF
DataFormat:sfntData
FileLength:191716
WeightClass:400
WidthClass:5
AngleClass:0
%EndFont

%BeginFont
Handler:DirectoryHandler
FontType:TrueType
FontName:Modern-Regular
FamilyName:Modern No. 20
StyleName:Regular
FullName:Modern No. 20
WritingScript:Roman
OutlineFileName:\MOD20.TTF
DataFormat:sfntData
FileLength:62612
WeightClass:400
WidthClass:5
AngleClass:0
%EndFont

%BeginFont
Handler:DirectoryHandler
FontType:TrueType
FontName:MonotypeCorsiva
FamilyName:Monotype Corsiva
StyleName:Regular
FullName:Monotype Corsiva
WritingScript:Roman
OutlineFileName:\MTCORSVA.TTF
DataFormat:sfntData
FileLength:157360
WeightClass:400
WidthClass:5
AngleClass:1
%EndFont

%BeginFont
Handler:DirectoryHandler
FontType:TrueType
FontName:NiagaraEngraved-Reg
FamilyName:Niagara Engraved
StyleName:Regular
FullName:Niagara Engraved
WritingScript:Roman
OutlineFileName:\NIAGENG.TTF
DataFormat:sfntData
FileLength:95904
WeightClass:400
WidthClass:3
AngleClass:0
%EndFont

%BeginFont
Handler:DirectoryHandler
FontType:TrueType
FontName:NiagaraSolid-Reg
FamilyName:Niagara Solid
StyleName:Regular
FullName:Niagara Solid
WritingScript:Roman
OutlineFileName:\NIAGSOL.TTF
DataFormat:sfntData
FileLength:74012
WeightClass:400
WidthClass:3
AngleClass:0
%EndFont

%BeginFont
Handler:DirectoryHandler
FontType:TrueType
FontName:OCRAExtended
FamilyName:OCR A Extended
StyleName:Regular
FullName:OCR A Extended
WritingScript:Roman
OutlineFileName:\OCRAEXT.TTF
DataFormat:sfntData
FileLength:55400
WeightClass:400
WidthClass:5
AngleClass:0
%EndFont

%BeginFont
Handler:DirectoryHandler
FontType:TrueType
FontName:OldEnglishTextMT
FamilyName:Old English Text MT
StyleName:Regular
FullName:Old English Text MT
WritingScript:Roman
OutlineFileName:\OLDENGL.TTF
DataFormat:sfntData
FileLength:93068
WeightClass:400
WidthClass:5
AngleClass:0
%EndFont

%BeginFont
Handler:DirectoryHandler
FontType:TrueType
FontName:Onyx
FamilyName:Onyx
StyleName:Regular
FullName:Onyx
WritingScript:Roman
OutlineFileName:\ONYX.TTF
DataFormat:sfntData
FileLength:81044
WeightClass:400
WidthClass:5
AngleClass:0
%EndFont

%BeginFont
Handler:DirectoryHandler
FontType:TrueType
FontName:PalatinoLinotype-Roman
FamilyName:Palatino Linotype
StyleName:Regular
FullName:Palatino Linotype
WritingScript:Roman
OutlineFileName:\pala.ttf
DataFormat:sfntData
FileLength:489884
WeightClass:400
WidthClass:5
AngleClass:0
%EndFont

%BeginFont
Handler:DirectoryHandler
FontType:TrueType
FontName:PalatinoLinotype-Bold
FamilyName:Palatino Linotype
StyleName:Bold
FullName:Palatino Linotype Bold
WritingScript:Roman
OutlineFileName:\palab.ttf
DataFormat:sfntData
FileLength:434004
WeightClass:700
WidthClass:5
AngleClass:0
%EndFont

%BeginFont
Handler:DirectoryHandler
FontType:TrueType
FontName:PalatinoLinotype-BoldItalic
FamilyName:Palatino Linotype
StyleName:Bold Italic
FullName:Palatino Linotype Bold Italic
WritingScript:Roman
OutlineFileName:\palabi.ttf
DataFormat:sfntData
FileLength:344288
WeightClass:700
WidthClass:5
AngleClass:1
%EndFont

%BeginFont
Handler:DirectoryHandler
FontType:TrueType
FontName:PalatinoLinotype-Italic
FamilyName:Palatino Linotype
StyleName:Italic
FullName:Palatino Linotype Italic
WritingScript:Roman
OutlineFileName:\palai.ttf
DataFormat:sfntData
FileLength:430800
WeightClass:400
WidthClass:5
AngleClass:1
%EndFont

%BeginFont
Handler:DirectoryHandler
FontType:TrueType
FontName:PalaceScriptMT
FamilyName:Palace Script MT
StyleName:Regular
FullName:Palace Script MT
WritingScript:Roman
OutlineFileName:\PALSCRI.TTF
DataFormat:sfntData
FileLength:51404
WeightClass:400
WidthClass:5
AngleClass:1
%EndFont

%BeginFont
Handler:DirectoryHandler
FontType:TrueType
FontName:Papyrus-Regular
FamilyName:Papyrus
StyleName:Regular
FullName:Papyrus
WritingScript:Roman
OutlineFileName:\PAPYRUS.TTF
DataFormat:sfntData
FileLength:163476
WeightClass:400
WidthClass:5
AngleClass:0
%EndFont

%BeginFont
Handler:DirectoryHandler
FontType:TrueType
FontName:PerpetuaTitlingMT-Bold
FamilyName:Perpetua Titling MT
StyleName:Bold
FullName:Perpetua Titling MT Bold
WritingScript:Roman
OutlineFileName:\PERTIBD.TTF
DataFormat:sfntData
FileLength:48320
WeightClass:700
WidthClass:5
AngleClass:0
%EndFont

%BeginFont
Handler:DirectoryHandler
FontType:TrueType
FontName:PerpetuaTitlingMT-Light
FamilyName:Perpetua Titling MT
StyleName:Light
FullName:Perpetua Titling MT Light
WritingScript:Roman
OutlineFileName:\PERTILI.TTF
DataFormat:sfntData
FileLength:43800
WeightClass:300
WidthClass:5
AngleClass:0
%EndFont

%BeginFont
Handler:DirectoryHandler
FontType:TrueType
FontName:Playbill
FamilyName:Playbill
StyleName:Regular
FullName:Playbill
WritingScript:Roman
OutlineFileName:\PLAYBILL.TTF
DataFormat:sfntData
FileLength:46164
WeightClass:400
WidthClass:1
AngleClass:0
%EndFont

%BeginFont
Handler:DirectoryHandler
FontType:TrueType
FontName:PoorRichard-Regular
FamilyName:Poor Richard
StyleName:Regular
FullName:Poor Richard
WritingScript:Roman
OutlineFileName:\POORICH.TTF
DataFormat:sfntData
FileLength:76588
WeightClass:400
WidthClass:5
AngleClass:0
%EndFont

%BeginFont
Handler:DirectoryHandler
FontType:TrueType
FontName:Pristina-Regular
FamilyName:Pristina
StyleName:Regular
FullName:Pristina
WritingScript:Roman
OutlineFileName:\PRISTINA.TTF
DataFormat:sfntData
FileLength:82680
WeightClass:400
WidthClass:5
AngleClass:0
%EndFont

%BeginFont
Handler:DirectoryHandler
FontType:TrueType
FontName:RageItalic
FamilyName:Rage Italic
StyleName:Regular
FullName:Rage Italic
WritingScript:Roman
OutlineFileName:\RAGE.TTF
DataFormat:sfntData
FileLength:132600
WeightClass:400
WidthClass:5
AngleClass:0
%EndFont

%BeginFont
Handler:DirectoryHandler
FontType:TrueType
FontName:Ravie
FamilyName:Ravie
StyleName:Regular
FullName:Ravie
WritingScript:Roman
OutlineFileName:\RAVIE.TTF
DataFormat:sfntData
FileLength:74416
WeightClass:400
WidthClass:6
AngleClass:0
%EndFont

%BeginFont
Handler:DirectoryHandler
FontType:TrueType
FontName:MSReferenceSansSerif
FamilyName:MS Reference Sans Serif
StyleName:Regular
FullName:MS Reference Sans Serif
WritingScript:Roman
OutlineFileName:\REFSAN.TTF
DataFormat:sfntData
FileLength:220172
WeightClass:400
WidthClass:5
AngleClass:0
%EndFont

%BeginFont
Handler:DirectoryHandler
FontType:TrueType
FontName:RHGDT
FamilyName:RHGDT
StyleName:Regular
FullName:RHGDT
WritingScript:Roman
OutlineFileName:\RHGDT.ttf
DataFormat:sfntData
FileLength:348700
WeightClass:400
WidthClass:5
AngleClass:0
%EndFont

%BeginFont
Handler:DirectoryHandler
FontType:TrueType
FontName:Rockwell-CondensedBold
FamilyName:Rockwell Condensed
StyleName:Bold
FullName:Rockwell Condensed Bold
WritingScript:Roman
OutlineFileName:\ROCCB___.TTF
DataFormat:sfntData
FileLength:59444
WeightClass:700
WidthClass:3
AngleClass:0
%EndFont

%BeginFont
Handler:DirectoryHandler
FontType:TrueType
FontName:Rockwell-Condensed
FamilyName:Rockwell Condensed
StyleName:Regular
FullName:Rockwell Condensed
WritingScript:Roman
OutlineFileName:\ROCC____.TTF
DataFormat:sfntData
FileLength:55824
WeightClass:400
WidthClass:3
AngleClass:0
%EndFont

%BeginFont
Handler:DirectoryHandler
FontType:TrueType
FontName:Rockwell
FamilyName:Rockwell
StyleName:Regular
FullName:Rockwell
WritingScript:Roman
OutlineFileName:\ROCK.TTF
DataFormat:sfntData
FileLength:72272
WeightClass:400
WidthClass:5
AngleClass:0
%EndFont

%BeginFont
Handler:DirectoryHandler
FontType:TrueType
FontName:Rockwell-Bold
FamilyName:Rockwell
StyleName:Bold
FullName:Rockwell Bold
WritingScript:Roman
OutlineFileName:\ROCKB.TTF
DataFormat:sfntData
FileLength:68780
WeightClass:700
WidthClass:5
AngleClass:0
%EndFont

%BeginFont
Handler:DirectoryHandler
FontType:TrueType
FontName:Rockwell-BoldItalic
FamilyName:Rockwell
StyleName:Bold Italic
FullName:Rockwell Bold Italic
WritingScript:Roman
OutlineFileName:\ROCKBI.TTF
DataFormat:sfntData
FileLength:73700
WeightClass:700
WidthClass:5
AngleClass:1
%EndFont

%BeginFont
Handler:DirectoryHandler
FontType:TrueType
FontName:Rockwell-ExtraBold
FamilyName:Rockwell Extra Bold
StyleName:Regular
FullName:Rockwell Extra Bold
WritingScript:Roman
OutlineFileName:\ROCKEB.TTF
DataFormat:sfntData
FileLength:49168
WeightClass:800
WidthClass:5
AngleClass:0
%EndFont

%BeginFont
Handler:DirectoryHandler
FontType:TrueType
FontName:Rockwell-Italic
FamilyName:Rockwell
StyleName:Italic
FullName:Rockwell Italic
WritingScript:Roman
OutlineFileName:\ROCKI.TTF
DataFormat:sfntData
FileLength:76756
WeightClass:400
WidthClass:5
AngleClass:1
%EndFont

%BeginFont
Handler:DirectoryHandler
FontType:TrueType
FontName:CenturySchoolbook-Bold
FamilyName:Century Schoolbook
StyleName:Bold
FullName:Century Schoolbook Bold
WritingScript:Roman
OutlineFileName:\SCHLBKB.TTF
DataFormat:sfntData
FileLength:168756
WeightClass:700
WidthClass:5
AngleClass:0
%EndFont

%BeginFont
Handler:DirectoryHandler
FontType:TrueType
FontName:CenturySchoolbook-BoldItalic
FamilyName:Century Schoolbook
StyleName:Bold Italic
FullName:Century Schoolbook Bold Italic
WritingScript:Roman
OutlineFileName:\SCHLBKBI.TTF
DataFormat:sfntData
FileLength:160964
WeightClass:700
WidthClass:5
AngleClass:1
%EndFont

%BeginFont
Handler:DirectoryHandler
FontType:TrueType
FontName:CenturySchoolbook-Italic
FamilyName:Century Schoolbook
StyleName:Italic
FullName:Century Schoolbook Italic
WritingScript:Roman
OutlineFileName:\SCHLBKI.TTF
DataFormat:sfntData
FileLength:163164
WeightClass:400
WidthClass:5
AngleClass:1
%EndFont

%BeginFont
Handler:DirectoryHandler
FontType:TrueType
FontName:ScriptMTBold
FamilyName:Script MT Bold
StyleName:Regular
FullName:Script MT Bold
WritingScript:Roman
OutlineFileName:\SCRIPTBL.TTF
DataFormat:sfntData
FileLength:55500
WeightClass:700
WidthClass:5
AngleClass:0
%EndFont

%BeginFont
Handler:DirectoryHandler
FontType:TrueType
FontName:ShowcardGothic-Reg
FamilyName:Showcard Gothic
StyleName:Regular
FullName:Showcard Gothic
WritingScript:Roman
OutlineFileName:\SHOWG.TTF
DataFormat:sfntData
FileLength:52316
WeightClass:400
WidthClass:5
AngleClass:0
%EndFont

%BeginFont
Handler:DirectoryHandler
FontType:TrueType
FontName:SnapITC-Regular
FamilyName:Snap ITC
StyleName:Regular
FullName:Snap ITC
WritingScript:Roman
OutlineFileName:\SNAP____.TTF
DataFormat:sfntData
FileLength:63196
WeightClass:400
WidthClass:5
AngleClass:0
%EndFont

%BeginFont
Handler:DirectoryHandler
FontType:TrueType
FontName:Stencil
FamilyName:Stencil
StyleName:Regular
FullName:Stencil
WritingScript:Roman
OutlineFileName:\STENCIL.TTF
DataFormat:sfntData
FileLength:55596
WeightClass:400
WidthClass:5
AngleClass:0
%EndFont

%BeginFont
Handler:DirectoryHandler
FontType:TrueType
FontName:Sylfaen
FamilyName:Sylfaen
StyleName:Regular
FullName:Sylfaen
WritingScript:Roman
OutlineFileName:\sylfaen.ttf
DataFormat:sfntData
FileLength:221676
WeightClass:400
WidthClass:5
AngleClass:0
%EndFont

%BeginFont
Handler:DirectoryHandler
FontType:TrueType
FontName:SymbolMT
FamilyName:Symbol
StyleName:Regular
FullName:Symbol
WritingScript:Roman
OutlineFileName:\symbol.ttf
DataFormat:sfntData
FileLength:69464
WeightClass:400
WidthClass:5
AngleClass:0
%EndFont

%BeginFont
Handler:DirectoryHandler
FontType:TrueType
FontName:Tahoma
FamilyName:Tahoma
StyleName:Regular
FullName:Tahoma
WritingScript:Roman
OutlineFileName:\tahoma.ttf
DataFormat:sfntData
FileLength:383140
WeightClass:400
WidthClass:5
AngleClass:0
%EndFont

%BeginFont
Handler:DirectoryHandler
FontType:TrueType
FontName:Tahoma-Bold
FamilyName:Tahoma
StyleName:Bold
FullName:Tahoma Bold
WritingScript:Roman
OutlineFileName:\tahomabd.ttf
DataFormat:sfntData
FileLength:355436
WeightClass:700
WidthClass:5
AngleClass:0
%EndFont

%BeginFont
Handler:DirectoryHandler
FontType:TrueType
FontName:TempusSansITC
FamilyName:Tempus Sans ITC
StyleName:Regular
FullName:Tempus Sans ITC
WritingScript:Roman
OutlineFileName:\TEMPSITC.TTF
DataFormat:sfntData
FileLength:76100
WeightClass:400
WidthClass:5
AngleClass:0
%EndFont

%BeginFont
Handler:DirectoryHandler
FontType:TrueType
FontName:TimesNewRomanPSMT
FamilyName:Times New Roman
StyleName:Regular
FullName:Times New Roman
WritingScript:Roman
OutlineFileName:\times.ttf
DataFormat:sfntData
FileLength:409280
WeightClass:400
WidthClass:5
AngleClass:0
%EndFont

%BeginFont
Handler:DirectoryHandler
FontType:TrueType
FontName:TimesNewRomanPS-BoldMT
FamilyName:Times New Roman
StyleName:Bold
FullName:Times New Roman Bold
WritingScript:Roman
OutlineFileName:\timesbd.ttf
DataFormat:sfntData
FileLength:398372
WeightClass:700
WidthClass:5
AngleClass:0
%EndFont

%BeginFont
Handler:DirectoryHandler
FontType:TrueType
FontName:TimesNewRomanPS-BoldItalicMT
FamilyName:Times New Roman
StyleName:Bold Italic
FullName:Times New Roman Bold Italic
WritingScript:Roman
OutlineFileName:\timesbi.ttf
DataFormat:sfntData
FileLength:239692
WeightClass:700
WidthClass:5
AngleClass:1
%EndFont

%BeginFont
Handler:DirectoryHandler
FontType:TrueType
FontName:TimesNewRomanPS-ItalicMT
FamilyName:Times New Roman
StyleName:Italic
FullName:Times New Roman Italic
WritingScript:Roman
OutlineFileName:\timesi.ttf
DataFormat:sfntData
FileLength:248368
WeightClass:400
WidthClass:5
AngleClass:1
%EndFont

%BeginFont
Handler:DirectoryHandler
FontType:TrueType
FontName:TrebuchetMS
FamilyName:Trebuchet MS
StyleName:Regular
FullName:Trebuchet MS
WritingScript:Roman
OutlineFileName:\trebuc.ttf
DataFormat:sfntData
FileLength:134108
WeightClass:400
WidthClass:5
AngleClass:0
%EndFont

%BeginFont
Handler:DirectoryHandler
FontType:TrueType
FontName:TrebuchetMS-Bold
FamilyName:Trebuchet MS
StyleName:Bold
FullName:Trebuchet MS Bold
WritingScript:Roman
OutlineFileName:\trebucbd.ttf
DataFormat:sfntData
FileLength:123096
WeightClass:700
WidthClass:5
AngleClass:0
%EndFont

%BeginFont
Handler:DirectoryHandler
FontType:TrueType
FontName:Trebuchet-BoldItalic
FamilyName:Trebuchet MS
StyleName:Bold Italic
FullName:Trebuchet MS Bold Italic
WritingScript:Roman
OutlineFileName:\trebucbi.ttf
DataFormat:sfntData
FileLength:131188
WeightClass:700
WidthClass:5
AngleClass:1
%EndFont

%BeginFont
Handler:DirectoryHandler
FontType:TrueType
FontName:TrebuchetMS-Italic
FamilyName:Trebuchet MS
StyleName:Italic
FullName:Trebuchet MS Italic
WritingScript:Roman
OutlineFileName:\trebucit.ttf
DataFormat:sfntData
FileLength:139288
WeightClass:400
WidthClass:5
AngleClass:1
%EndFont

%BeginFont
Handler:DirectoryHandler
FontType:TrueType
FontName:Verdana
FamilyName:Verdana
StyleName:Regular
FullName:Verdana
WritingScript:Roman
OutlineFileName:\verdana.ttf
DataFormat:sfntData
FileLength:171792
WeightClass:400
WidthClass:5
AngleClass:0
%EndFont

%BeginFont
Handler:DirectoryHandler
FontType:TrueType
FontName:Verdana-Bold
FamilyName:Verdana
StyleName:Bold
FullName:Verdana Bold
WritingScript:Roman
OutlineFileName:\verdanab.ttf
DataFormat:sfntData
FileLength:137616
WeightClass:700
WidthClass:5
AngleClass:0
%EndFont

%BeginFont
Handler:DirectoryHandler
FontType:TrueType
FontName:Verdana-Italic
FamilyName:Verdana
StyleName:Italic
FullName:Verdana Italic
WritingScript:Roman
OutlineFileName:\verdanai.ttf
DataFormat:sfntData
FileLength:155076
WeightClass:400
WidthClass:5
AngleClass:1
%EndFont

%BeginFont
Handler:DirectoryHandler
FontType:TrueType
FontName:Verdana-BoldItalic
FamilyName:Verdana
StyleName:Bold Italic
FullName:Verdana Bold Italic
WritingScript:Roman
OutlineFileName:\verdanaz.ttf
DataFormat:sfntData
FileLength:154800
WeightClass:700
WidthClass:5
AngleClass:1
%EndFont

%BeginFont
Handler:DirectoryHandler
FontType:TrueType
FontName:VinerHandITC
FamilyName:Viner Hand ITC
StyleName:Regular
FullName:Viner Hand ITC
WritingScript:Roman
OutlineFileName:\VINERITC.TTF
DataFormat:sfntData
FileLength:104372
WeightClass:400
WidthClass:5
AngleClass:0
%EndFont

%BeginFont
Handler:DirectoryHandler
FontType:TrueType
FontName:Vivaldii
FamilyName:Vivaldi
StyleName:Italic
FullName:Vivaldi Italic
WritingScript:Roman
OutlineFileName:\VIVALDII.TTF
DataFormat:sfntData
FileLength:64748
WeightClass:400
WidthClass:3
AngleClass:0
%EndFont

%BeginFont
Handler:DirectoryHandler
FontType:TrueType
FontName:VladimirScript
FamilyName:Vladimir Script
StyleName:Regular
FullName:Vladimir Script
WritingScript:Roman
OutlineFileName:\VLADIMIR.TTF
DataFormat:sfntData
FileLength:54308
WeightClass:400
WidthClass:5
AngleClass:0
%EndFont

%BeginFont
Handler:DirectoryHandler
FontType:TrueType
FontName:Vrinda
FamilyName:Vrinda
StyleName:Regular
FullName:Vrinda
WritingScript:Roman
OutlineFileName:\vrinda.ttf
DataFormat:sfntData
FileLength:252820
WeightClass:400
WidthClass:5
AngleClass:0
%EndFont

